2025-11-03 01:15:52.761 [HikariPool-1:housekeeper] WARN  com.zaxxer.hikari.pool.HikariPool - HikariPool-1 - Thread starvation or clock leap detected (housekeeper delta=25m35s987ms475µs100ns).
2025-11-03 08:52:53.850 [HikariPool-1:housekeeper] WARN  com.zaxxer.hikari.pool.HikariPool - HikariPool-1 - Thread starvation or clock leap detected (housekeeper delta=7h37m9s283ms361µs).
2025-11-03 08:53:27.916 [scheduling-1] INFO  c.a.papms.batch.TokenCleanupTask - Running scheduled task to purge expired password reset tokens.
2025-11-03 08:53:27.925 [scheduling-1] DEBUG org.hibernate.SQL - 
    select
        prt1_0.id,
        prt1_0.expiry_date,
        prt1_0.token,
        prt1_0.user_id 
    from
        password_reset_tokens prt1_0 
    where
        prt1_0.expiry_date<?
2025-11-03 08:53:27.925 [scheduling-1] TRACE org.hibernate.orm.jdbc.bind - binding parameter (1:TIMESTAMP) <- [2025-11-03T08:53:27.916482600]
2025-11-03 08:53:27.930 [SpringApplicationShutdownHook] INFO  o.s.b.w.e.tomcat.GracefulShutdown - Commencing graceful shutdown. Waiting for active requests to complete
2025-11-03 08:53:27.932 [scheduling-1] INFO  c.a.papms.batch.TokenCleanupTask - Successfully purged expired tokens.
2025-11-03 08:53:28.371 [tomcat-shutdown] INFO  o.s.b.w.e.tomcat.GracefulShutdown - Graceful shutdown complete
2025-11-03 08:53:28.395 [SpringApplicationShutdownHook] DEBUG o.s.b.c.c.s.JobRegistrySmartInitializingSingleton - Unregistering job: employeeCsvImportJob
2025-11-03 08:53:28.456 [SpringApplicationShutdownHook] INFO  o.s.o.j.LocalContainerEntityManagerFactoryBean - Closing JPA EntityManagerFactory for persistence unit 'default'
2025-11-03 08:53:28.471 [SpringApplicationShutdownHook] INFO  com.zaxxer.hikari.HikariDataSource - HikariPool-1 - Shutdown initiated...
2025-11-03 08:53:28.478 [SpringApplicationShutdownHook] INFO  com.zaxxer.hikari.HikariDataSource - HikariPool-1 - Shutdown completed.
