2025-11-10 00:09:47.687 [HikariPool-1:housekeeper] WARN  com.zaxxer.hikari.pool.HikariPool - HikariPool-1 - Thread starvation or clock leap detected (housekeeper delta=1h10m54s271ms997µs200ns).
2025-11-10 03:07:22.824 [HikariPool-1:housekeeper] WARN  com.zaxxer.hikari.pool.HikariPool - HikariPool-1 - Thread starvation or clock leap detected (housekeeper delta=49m2s652ms557µs).
2025-11-10 09:01:18.222 [HikariPool-1:housekeeper] WARN  com.zaxxer.hikari.pool.HikariPool - HikariPool-1 - Thread starvation or clock leap detected (housekeeper delta=5h54m4s86ms429µs500ns).
2025-11-10 09:16:22.691 [scheduling-1] INFO  c.a.papms.batch.EmployeeDeletionTask - Running scheduled task to hard-delete employees scheduled for deletion before 2025-10-11T09:16:22.689695800
2025-11-10 09:16:22.748 [scheduling-1] DEBUG org.hibernate.SQL - 
    select
        e1_0.id,
        e1_0.created_at,
        e1_0.date_of_joining,
        e1_0.deletion_scheduled_at,
        e1_0.department,
        e1_0.employee_code,
        e1_0.is_active,
        e1_0.job_title,
        e1_0.organization_id,
        e1_0.profile_picture_url,
        e1_0.updated_at,
        e1_0.user_id 
    from
        employees e1_0 
    where
        e1_0.deletion_scheduled_at<?
2025-11-10 09:16:22.751 [scheduling-1] TRACE org.hibernate.orm.jdbc.bind - binding parameter (1:TIMESTAMP) <- [2025-10-11T09:16:22.689695800]
2025-11-10 09:16:22.807 [scheduling-1] INFO  c.a.papms.batch.EmployeeDeletionTask - No employees found for hard deletion.
2025-11-10 09:16:22.823 [scheduling-1] INFO  c.a.papms.batch.TokenCleanupTask - Running scheduled task to purge expired password reset tokens.
2025-11-10 09:16:22.826 [scheduling-1] DEBUG org.hibernate.SQL - 
    select
        prt1_0.id,
        prt1_0.expiry_date,
        prt1_0.token,
        prt1_0.user_id 
    from
        password_reset_tokens prt1_0 
    where
        prt1_0.expiry_date<?
2025-11-10 09:16:22.826 [scheduling-1] TRACE org.hibernate.orm.jdbc.bind - binding parameter (1:TIMESTAMP) <- [2025-11-10T09:16:22.823546700]
2025-11-10 09:16:22.842 [scheduling-1] INFO  c.a.papms.batch.TokenCleanupTask - Successfully purged expired tokens.
2025-11-10 11:14:39.133 [HikariPool-1:housekeeper] WARN  com.zaxxer.hikari.pool.HikariPool - HikariPool-1 - Thread starvation or clock leap detected (housekeeper delta=22m50s616ms865µs800ns).
2025-11-10 11:16:53.518 [SpringApplicationShutdownHook] INFO  o.s.b.w.e.tomcat.GracefulShutdown - Commencing graceful shutdown. Waiting for active requests to complete
2025-11-10 11:16:54.492 [tomcat-shutdown] INFO  o.s.b.w.e.tomcat.GracefulShutdown - Graceful shutdown complete
2025-11-10 11:16:54.554 [SpringApplicationShutdownHook] DEBUG o.s.b.c.c.s.JobRegistrySmartInitializingSingleton - Unregistering job: employeeCsvImportJob
2025-11-10 11:16:54.608 [SpringApplicationShutdownHook] INFO  o.s.o.j.LocalContainerEntityManagerFactoryBean - Closing JPA EntityManagerFactory for persistence unit 'default'
2025-11-10 11:16:54.694 [SpringApplicationShutdownHook] INFO  com.zaxxer.hikari.HikariDataSource - HikariPool-1 - Shutdown initiated...
2025-11-10 11:16:54.711 [SpringApplicationShutdownHook] INFO  com.zaxxer.hikari.HikariDataSource - HikariPool-1 - Shutdown completed.
2025-11-10 19:50:40.883 [background-preinit] INFO  o.h.validator.internal.util.Version - HV000001: Hibernate Validator 8.0.3.Final
2025-11-10 19:50:40.954 [restartedMain] INFO  c.aurionpro.papms.PaPmsApplication - Starting PaPmsApplication using Java 17.0.1 with PID 55512 (D:\Swabhav_Java_FullStack\Project\Project\PaPMS\target\classes started by aniket.gupta in D:\Swabhav_Java_FullStack\Project\Project\PaPMS)
2025-11-10 19:50:40.955 [restartedMain] DEBUG c.aurionpro.papms.PaPmsApplication - Running with Spring Boot v3.5.5, Spring v6.2.10
2025-11-10 19:50:40.955 [restartedMain] INFO  c.aurionpro.papms.PaPmsApplication - No active profile set, falling back to 1 default profile: "default"
2025-11-10 19:50:41.005 [restartedMain] INFO  o.s.b.d.e.DevToolsPropertyDefaultsPostProcessor - Devtools property defaults active! Set 'spring.devtools.add-properties' to 'false' to disable
2025-11-10 19:50:41.006 [restartedMain] INFO  o.s.b.d.e.DevToolsPropertyDefaultsPostProcessor - For additional web related logging consider setting the 'logging.level.web' property to 'DEBUG'
2025-11-10 19:50:42.707 [restartedMain] INFO  o.s.d.r.c.RepositoryConfigurationDelegate - Bootstrapping Spring Data JPA repositories in DEFAULT mode.
2025-11-10 19:50:42.932 [restartedMain] INFO  o.s.d.r.c.RepositoryConfigurationDelegate - Finished Spring Data repository scanning in 216 ms. Found 19 JPA repository interfaces.
2025-11-10 19:50:44.052 [restartedMain] INFO  o.s.b.w.e.tomcat.TomcatWebServer - Tomcat initialized with port 8080 (http)
2025-11-10 19:50:44.065 [restartedMain] INFO  o.a.coyote.http11.Http11NioProtocol - Initializing ProtocolHandler ["http-nio-8080"]
2025-11-10 19:50:44.067 [restartedMain] INFO  o.a.catalina.core.StandardService - Starting service [Tomcat]
2025-11-10 19:50:44.067 [restartedMain] INFO  o.a.catalina.core.StandardEngine - Starting Servlet engine: [Apache Tomcat/10.1.44]
2025-11-10 19:50:44.136 [restartedMain] INFO  o.a.c.c.C.[Tomcat].[localhost].[/] - Initializing Spring embedded WebApplicationContext
2025-11-10 19:50:44.136 [restartedMain] INFO  o.s.b.w.s.c.ServletWebServerApplicationContext - Root WebApplicationContext: initialization completed in 3130 ms
2025-11-10 19:50:44.220 [restartedMain] INFO  com.zaxxer.hikari.HikariDataSource - HikariPool-1 - Starting...
2025-11-10 19:50:44.665 [restartedMain] INFO  com.zaxxer.hikari.pool.HikariPool - HikariPool-1 - Added connection com.mysql.cj.jdbc.ConnectionImpl@19e2afe3
2025-11-10 19:50:44.667 [restartedMain] INFO  com.zaxxer.hikari.HikariDataSource - HikariPool-1 - Start completed.
2025-11-10 19:50:44.848 [restartedMain] INFO  o.h.jpa.internal.util.LogHelper - HHH000204: Processing PersistenceUnitInfo [name: default]
2025-11-10 19:50:44.925 [restartedMain] INFO  org.hibernate.Version - HHH000412: Hibernate ORM core version 6.6.26.Final
2025-11-10 19:50:44.972 [restartedMain] INFO  o.h.c.i.RegionFactoryInitiator - HHH000026: Second-level cache disabled
2025-11-10 19:50:45.284 [restartedMain] INFO  o.s.o.j.p.SpringPersistenceUnitInfo - No LoadTimeWeaver setup: ignoring JPA class transformer
2025-11-10 19:50:45.372 [restartedMain] WARN  org.hibernate.orm.deprecation - HHH90000025: MySQLDialect does not need to be specified explicitly using 'hibernate.dialect' (remove the property setting and it will be selected by default)
2025-11-10 19:50:45.389 [restartedMain] INFO  o.hibernate.orm.connections.pooling - HHH10001005: Database info:
	Database JDBC URL [Connecting through datasource 'HikariDataSource (HikariPool-1)']
	Database driver: undefined/unknown
	Database version: 8.0.42
	Autocommit mode: undefined/unknown
	Isolation level: undefined/unknown
	Minimum pool size: undefined/unknown
	Maximum pool size: undefined/unknown
2025-11-10 19:50:46.779 [restartedMain] INFO  o.h.e.t.j.p.i.JtaPlatformInitiator - HHH000489: No JTA platform available (set 'hibernate.transaction.jta.platform' to enable JTA platform integration)
2025-11-10 19:50:47.118 [restartedMain] INFO  o.s.o.j.LocalContainerEntityManagerFactoryBean - Initialized JPA EntityManagerFactory for persistence unit 'default'
2025-11-10 19:50:47.515 [restartedMain] INFO  o.s.d.j.r.query.QueryEnhancerFactory - Hibernate is in classpath; If applicable, HQL parser will be used.
2025-11-10 19:50:48.203 [restartedMain] DEBUG c.a.p.security.filter.JwtAuthFilter - Filter 'jwtAuthFilter' configured for use
2025-11-10 19:50:49.504 [restartedMain] INFO  o.s.s.c.a.a.c.InitializeAuthenticationProviderBeanManagerConfigurer$InitializeAuthenticationProviderManagerConfigurer - Global AuthenticationManager configured with AuthenticationProvider bean with name authenticationProvider
2025-11-10 19:50:49.504 [restartedMain] WARN  o.s.s.c.a.a.c.InitializeUserDetailsBeanManagerConfigurer$InitializeUserDetailsManagerConfigurer - Global AuthenticationManager configured with an AuthenticationProvider bean. UserDetailsService beans will not be used by Spring Security for automatically configuring username/password login. Consider removing the AuthenticationProvider bean. Alternatively, consider using the UserDetailsService in a manually instantiated DaoAuthenticationProvider. If the current configuration is intentional, to turn off this warning, increase the logging level of 'org.springframework.security.config.annotation.authentication.configuration.InitializeUserDetailsBeanManagerConfigurer' to ERROR
2025-11-10 19:50:50.770 [restartedMain] WARN  o.s.b.a.o.j.JpaBaseConfiguration$JpaWebConfiguration - spring.jpa.open-in-view is enabled by default. Therefore, database queries may be performed during view rendering. Explicitly configure spring.jpa.open-in-view to disable this warning
2025-11-10 19:50:52.389 [restartedMain] INFO  o.s.b.d.a.OptionalLiveReloadServer - LiveReload server is running on port 35729
2025-11-10 19:50:52.470 [restartedMain] DEBUG o.s.b.c.c.s.JobRegistrySmartInitializingSingleton - Registering job: employeeCsvImportJob
2025-11-10 19:50:52.478 [restartedMain] INFO  o.a.coyote.http11.Http11NioProtocol - Starting ProtocolHandler ["http-nio-8080"]
2025-11-10 19:50:52.517 [restartedMain] INFO  o.s.b.w.e.tomcat.TomcatWebServer - Tomcat started on port 8080 (http) with context path '/'
2025-11-10 19:50:52.547 [restartedMain] INFO  c.aurionpro.papms.PaPmsApplication - Started PaPmsApplication in 12.29 seconds (process running for 13.878)
2025-11-10 19:50:52.612 [restartedMain] INFO  c.aurionpro.papms.config.DataSeeder - DataSeeder running...
2025-11-10 19:50:52.719 [restartedMain] DEBUG org.hibernate.SQL - 
    select
        count(u1_0.id) 
    from
        users u1_0 
    where
        u1_0.role=?
2025-11-10 19:50:52.721 [restartedMain] TRACE org.hibernate.orm.jdbc.bind - binding parameter (1:ENUM) <- [BANK_ADMIN]
2025-11-10 19:50:52.741 [restartedMain] INFO  c.aurionpro.papms.config.DataSeeder - BANK_ADMIN user already exists. Skipping creation.
2025-11-10 19:50:52.746 [restartedMain] INFO  c.aurionpro.papms.PaPmsApplication - PaPmsApplication started successfully!
2025-11-10 20:22:39.109 [HikariPool-1:housekeeper] WARN  com.zaxxer.hikari.pool.HikariPool - HikariPool-1 - Thread starvation or clock leap detected (housekeeper delta=5m23s891ms646µs100ns).
2025-11-10 20:34:18.781 [HikariPool-1:housekeeper] WARN  com.zaxxer.hikari.pool.HikariPool - HikariPool-1 - Thread starvation or clock leap detected (housekeeper delta=11m39s670ms974µs100ns).
2025-11-10 21:21:49.333 [HikariPool-1:housekeeper] WARN  com.zaxxer.hikari.pool.HikariPool - HikariPool-1 - Thread starvation or clock leap detected (housekeeper delta=13m29s978ms540µs700ns).
2025-11-10 23:42:26.376 [HikariPool-1:housekeeper] WARN  com.zaxxer.hikari.pool.HikariPool - HikariPool-1 - Thread starvation or clock leap detected (housekeeper delta=2h20m37s43ms142µs200ns).
2025-11-10 23:42:30.921 [SpringApplicationShutdownHook] INFO  o.s.b.w.e.tomcat.GracefulShutdown - Commencing graceful shutdown. Waiting for active requests to complete
2025-11-10 23:42:32.870 [tomcat-shutdown] INFO  o.s.b.w.e.tomcat.GracefulShutdown - Graceful shutdown complete
2025-11-10 23:42:32.892 [SpringApplicationShutdownHook] DEBUG o.s.b.c.c.s.JobRegistrySmartInitializingSingleton - Unregistering job: employeeCsvImportJob
2025-11-10 23:42:32.905 [SpringApplicationShutdownHook] INFO  o.s.o.j.LocalContainerEntityManagerFactoryBean - Closing JPA EntityManagerFactory for persistence unit 'default'
2025-11-10 23:42:32.923 [SpringApplicationShutdownHook] INFO  com.zaxxer.hikari.HikariDataSource - HikariPool-1 - Shutdown initiated...
2025-11-10 23:42:32.932 [SpringApplicationShutdownHook] INFO  com.zaxxer.hikari.HikariDataSource - HikariPool-1 - Shutdown completed.
